// Jest Snapshot v1, https://goo.gl/fbAQLP

exports[`Index has the expected html structure 1`] = `<!---->`;
