// Jest Snapshot v1, https://goo.gl/fbAQLP

exports[`Index has the expected html structure 1`] = `
<div
  class="keep-ltr grid w-full grid-cols-1 gap-3 md:grid-cols-2 lg:grid-cols-3"
>
  <div
    class="keep-ltr session h-fit w-full cursor-pointer rounded-xl border border-lightPurpleGrey p-3 text-base-color"
  >
    <div
      class="space-2 flex items-center justify-start"
    >
      <img
        alt="Logo"
        class="h-10 w-10 rounded-xl border border-borderqx"
      />
       
      <div
        class="flex w-fit flex-col py-1 px-2"
      >
        <p
          class="text-sm font-bold"
        >
          
        </p>
         
        <p>
          
        </p>
      </div>
    </div>
     
    <div
      class="mt-1 flex items-center justify-start"
    >
      <p
        class="text-unselected"
      >
        
        â†’  to
        
      
      </p>
    </div>
     
    <div
      class="cta-btns mt-3 flex items-center justify-start"
    >
      <button
        class="rounded-xl bg-purple py-2 px-4 text-white"
      >
        
        Join
      
      </button>
       
      <button
        class="border- ml-3 rounded-xl py-2 px-4 hover:font-bold"
      >
        
        Dismiss
      
      </button>
    </div>
  </div>
</div>
`;
